// Jest Snapshot v1, https://goo.gl/fbAQLP

exports[`Creat Supplier test cases renders the create supplier component 1`] = `
Array [
  <div
    className="sc-bdVaJa kybHWQ"
  >
    <span
      className="sc-bwzfXH eDyLnt"
    />
  </div>,
  <div
    className="base-components__RootElement-sc-150tvch-1 sc-bxivhb kUxGyj"
  />,
]
`;
