// Jest Snapshot v1, https://goo.gl/fbAQLP

exports[`render EditSupplierDetails component inside index file renders the EditSupplierDetails component 1`] = `
ShallowWrapper {
  Symbol(enzyme.__root__): [Circular],
  Symbol(enzyme.__unrendered__): <EditSupplierDetails
    editSupplierData={
      Object {
        "companiesHouseName": "Test Companies House Name",
        "companyRegistrationNumber": "Test 123456",
        "supplierName": "Test Supplier Name",
        "vatNumber": "Test 09876",
      }
    }
    handleSubmitSupplierDetails={[MockFunction]}
    handleSupplierChange={[MockFunction]}
    supplierData={
      Array [
        "supplierName",
        "companiesHouseName",
        "companyRegistrationNumber",
        "vatNumber",
      ]
    }
  />,
  Symbol(enzyme.__renderer__): Object {
    "batchedUpdates": [Function],
    "checkPropTypes": [Function],
    "getNode": [Function],
    "render": [Function],
    "simulateError": [Function],
    "simulateEvent": [Function],
    "unmount": [Function],
  },
  Symbol(enzyme.__node__): Object {
    "instance": null,
    "key": undefined,
    "nodeType": "function",
    "props": Object {
      "children": <form
        onChange={[Function]}
      >
        <ForwardRef>
          <h2>
            Supplier Details
          </h2>
          <_default
            className="submit-btn"
            onClick={[MockFunction]}
            type="submit"
            variant="primary"
          >
             Submit
          </_default>
          <_default
            className="cansel-btn"
            type="submit"
            variant="primary"
          >
             Cancel
          </_default>
        </ForwardRef>
        <div>
          <ForwardRef>
            <_default>
              Supplier Name
            </_default>
            <div>
              <_default
                defaultValue="Test Supplier Name"
                id={0}
                name="supplierName"
                type="text"
              />
            </div>
          </ForwardRef>
          <ForwardRef>
            <_default>
              Companies House Name
            </_default>
            <div>
              <_default
                defaultValue="Test Companies House Name"
                id={1}
                name="companiesHouseName"
                type="text"
              />
            </div>
          </ForwardRef>
          <ForwardRef>
            <_default>
              Company Registration Number
            </_default>
            <div>
              <_default
                defaultValue="Test 123456"
                id={2}
                name="companyRegistrationNumber"
                type="text"
              />
            </div>
          </ForwardRef>
          <ForwardRef>
            <_default>
              Vat Number
            </_default>
            <div>
              <_default
                defaultValue="Test 09876"
                id={3}
                name="vatNumber"
                type="text"
              />
            </div>
          </ForwardRef>
        </div>
      </form>,
    },
    "ref": null,
    "rendered": Object {
      "instance": null,
      "key": undefined,
      "nodeType": "host",
      "props": Object {
        "children": Array [
          <ForwardRef>
            <h2>
              Supplier Details
            </h2>
            <_default
              className="submit-btn"
              onClick={[MockFunction]}
              type="submit"
              variant="primary"
            >
               Submit
            </_default>
            <_default
              className="cansel-btn"
              type="submit"
              variant="primary"
            >
               Cancel
            </_default>
          </ForwardRef>,
          <div>
            <ForwardRef>
              <_default>
                Supplier Name
              </_default>
              <div>
                <_default
                  defaultValue="Test Supplier Name"
                  id={0}
                  name="supplierName"
                  type="text"
                />
              </div>
            </ForwardRef>
            <ForwardRef>
              <_default>
                Companies House Name
              </_default>
              <div>
                <_default
                  defaultValue="Test Companies House Name"
                  id={1}
                  name="companiesHouseName"
                  type="text"
                />
              </div>
            </ForwardRef>
            <ForwardRef>
              <_default>
                Company Registration Number
              </_default>
              <div>
                <_default
                  defaultValue="Test 123456"
                  id={2}
                  name="companyRegistrationNumber"
                  type="text"
                />
              </div>
            </ForwardRef>
            <ForwardRef>
              <_default>
                Vat Number
              </_default>
              <div>
                <_default
                  defaultValue="Test 09876"
                  id={3}
                  name="vatNumber"
                  type="text"
                />
              </div>
            </ForwardRef>
          </div>,
        ],
        "onChange": [Function],
      },
      "ref": null,
      "rendered": Array [
        Object {
          "instance": null,
          "key": undefined,
          "nodeType": "function",
          "props": Object {
            "children": Array [
              <h2>
                Supplier Details
              </h2>,
              <_default
                className="submit-btn"
                onClick={[MockFunction]}
                type="submit"
                variant="primary"
              >
                 Submit
              </_default>,
              <_default
                className="cansel-btn"
                type="submit"
                variant="primary"
              >
                 Cancel
              </_default>,
            ],
          },
          "ref": null,
          "rendered": Array [
            Object {
              "instance": null,
              "key": undefined,
              "nodeType": "host",
              "props": Object {
                "children": "Supplier Details",
              },
              "ref": null,
              "rendered": "Supplier Details",
              "type": "h2",
            },
            Object {
              "instance": null,
              "key": undefined,
              "nodeType": "function",
              "props": Object {
                "children": " Submit",
                "className": "submit-btn",
                "onClick": [MockFunction],
                "type": "submit",
                "variant": "primary",
              },
              "ref": null,
              "rendered": " Submit",
              "type": [Function],
            },
            Object {
              "instance": null,
              "key": undefined,
              "nodeType": "function",
              "props": Object {
                "children": " Cancel",
                "className": "cansel-btn",
                "onClick": undefined,
                "type": "submit",
                "variant": "primary",
              },
              "ref": null,
              "rendered": " Cancel",
              "type": [Function],
            },
          ],
          "type": Object {
            "$$typeof": Symbol(react.forward_ref),
            "attrs": Array [],
            "componentStyle": ComponentStyle {
              "componentId": "sc-bwzfXH",
              "isStatic": true,
              "rules": Array [
                "
    margin-bottom: 20px;
    > h2{
        display:inline;
        font-size: 20px;
        margin-right: 10px;
    }
    button{
        margin-right: 10px;
    }
    > div{
        color: #007eb3;
        display: inline;
        margin-left: 10px;
        font-size: 16px;
        font-weight: 600;       
    }
",
              ],
            },
            "displayName": "styled.div",
            "foldedComponentIds": Array [],
            "render": [Function],
            "styledComponentId": "sc-bwzfXH",
            "target": "div",
            "toString": [Function],
            "warnTooManyClasses": [Function],
            "withComponent": [Function],
          },
        },
        Object {
          "instance": null,
          "key": undefined,
          "nodeType": "host",
          "props": Object {
            "children": Array [
              <ForwardRef>
                <_default>
                  Supplier Name
                </_default>
                <div>
                  <_default
                    defaultValue="Test Supplier Name"
                    id={0}
                    name="supplierName"
                    type="text"
                  />
                </div>
              </ForwardRef>,
              <ForwardRef>
                <_default>
                  Companies House Name
                </_default>
                <div>
                  <_default
                    defaultValue="Test Companies House Name"
                    id={1}
                    name="companiesHouseName"
                    type="text"
                  />
                </div>
              </ForwardRef>,
              <ForwardRef>
                <_default>
                  Company Registration Number
                </_default>
                <div>
                  <_default
                    defaultValue="Test 123456"
                    id={2}
                    name="companyRegistrationNumber"
                    type="text"
                  />
                </div>
              </ForwardRef>,
              <ForwardRef>
                <_default>
                  Vat Number
                </_default>
                <div>
                  <_default
                    defaultValue="Test 09876"
                    id={3}
                    name="vatNumber"
                    type="text"
                  />
                </div>
              </ForwardRef>,
            ],
          },
          "ref": null,
          "rendered": Array [
            Object {
              "instance": null,
              "key": "0",
              "nodeType": "function",
              "props": Object {
                "children": Array [
                  <_default>
                    Supplier Name
                  </_default>,
                  <div>
                    <_default
                      defaultValue="Test Supplier Name"
                      id={0}
                      name="supplierName"
                      type="text"
                    />
                  </div>,
                ],
              },
              "ref": null,
              "rendered": Array [
                Object {
                  "instance": null,
                  "key": undefined,
                  "nodeType": "function",
                  "props": Object {
                    "children": "Supplier Name",
                  },
                  "ref": null,
                  "rendered": "Supplier Name",
                  "type": [Function],
                },
                Object {
                  "instance": null,
                  "key": undefined,
                  "nodeType": "host",
                  "props": Object {
                    "children": <_default
                      defaultValue="Test Supplier Name"
                      id={0}
                      name="supplierName"
                      type="text"
                    />,
                  },
                  "ref": null,
                  "rendered": Object {
                    "instance": null,
                    "key": undefined,
                    "nodeType": "function",
                    "props": Object {
                      "defaultValue": "Test Supplier Name",
                      "id": 0,
                      "name": "supplierName",
                      "type": "text",
                    },
                    "ref": null,
                    "rendered": null,
                    "type": [Function],
                  },
                  "type": "div",
                },
              ],
              "type": Object {
                "$$typeof": Symbol(react.forward_ref),
                "attrs": Array [],
                "componentStyle": ComponentStyle {
                  "componentId": "sc-htpNat",
                  "isStatic": true,
                  "rules": Array [
                    "
    display: inline-block;
    margin-bottom: 15px;
    width: 50%;
    font-size: 16px;
    > label{
        width: 48%;
        color: #282c34;
        font-weight: bold;
        vertical-align: top;
    }
    > span{
        color: #999;
        text-overflow: ellipsis;
        width: 200px;
        overflow: hidden;
        white-space: nowrap;
        cursor: pointer;
    }
    > div{
        cursor: pointer;
        width: 40%;
        display: inline-block;
    }
",
                  ],
                },
                "displayName": "styled.div",
                "foldedComponentIds": Array [],
                "render": [Function],
                "styledComponentId": "sc-htpNat",
                "target": "div",
                "toString": [Function],
                "warnTooManyClasses": [Function],
                "withComponent": [Function],
              },
            },
            Object {
              "instance": null,
              "key": "1",
              "nodeType": "function",
              "props": Object {
                "children": Array [
                  <_default>
                    Companies House Name
                  </_default>,
                  <div>
                    <_default
                      defaultValue="Test Companies House Name"
                      id={1}
                      name="companiesHouseName"
                      type="text"
                    />
                  </div>,
                ],
              },
              "ref": null,
              "rendered": Array [
                Object {
                  "instance": null,
                  "key": undefined,
                  "nodeType": "function",
                  "props": Object {
                    "children": "Companies House Name",
                  },
                  "ref": null,
                  "rendered": "Companies House Name",
                  "type": [Function],
                },
                Object {
                  "instance": null,
                  "key": undefined,
                  "nodeType": "host",
                  "props": Object {
                    "children": <_default
                      defaultValue="Test Companies House Name"
                      id={1}
                      name="companiesHouseName"
                      type="text"
                    />,
                  },
                  "ref": null,
                  "rendered": Object {
                    "instance": null,
                    "key": undefined,
                    "nodeType": "function",
                    "props": Object {
                      "defaultValue": "Test Companies House Name",
                      "id": 1,
                      "name": "companiesHouseName",
                      "type": "text",
                    },
                    "ref": null,
                    "rendered": null,
                    "type": [Function],
                  },
                  "type": "div",
                },
              ],
              "type": Object {
                "$$typeof": Symbol(react.forward_ref),
                "attrs": Array [],
                "componentStyle": ComponentStyle {
                  "componentId": "sc-htpNat",
                  "isStatic": true,
                  "rules": Array [
                    "
    display: inline-block;
    margin-bottom: 15px;
    width: 50%;
    font-size: 16px;
    > label{
        width: 48%;
        color: #282c34;
        font-weight: bold;
        vertical-align: top;
    }
    > span{
        color: #999;
        text-overflow: ellipsis;
        width: 200px;
        overflow: hidden;
        white-space: nowrap;
        cursor: pointer;
    }
    > div{
        cursor: pointer;
        width: 40%;
        display: inline-block;
    }
",
                  ],
                },
                "displayName": "styled.div",
                "foldedComponentIds": Array [],
                "render": [Function],
                "styledComponentId": "sc-htpNat",
                "target": "div",
                "toString": [Function],
                "warnTooManyClasses": [Function],
                "withComponent": [Function],
              },
            },
            Object {
              "instance": null,
              "key": "2",
              "nodeType": "function",
              "props": Object {
                "children": Array [
                  <_default>
                    Company Registration Number
                  </_default>,
                  <div>
                    <_default
                      defaultValue="Test 123456"
                      id={2}
                      name="companyRegistrationNumber"
                      type="text"
                    />
                  </div>,
                ],
              },
              "ref": null,
              "rendered": Array [
                Object {
                  "instance": null,
                  "key": undefined,
                  "nodeType": "function",
                  "props": Object {
                    "children": "Company Registration Number",
                  },
                  "ref": null,
                  "rendered": "Company Registration Number",
                  "type": [Function],
                },
                Object {
                  "instance": null,
                  "key": undefined,
                  "nodeType": "host",
                  "props": Object {
                    "children": <_default
                      defaultValue="Test 123456"
                      id={2}
                      name="companyRegistrationNumber"
                      type="text"
                    />,
                  },
                  "ref": null,
                  "rendered": Object {
                    "instance": null,
                    "key": undefined,
                    "nodeType": "function",
                    "props": Object {
                      "defaultValue": "Test 123456",
                      "id": 2,
                      "name": "companyRegistrationNumber",
                      "type": "text",
                    },
                    "ref": null,
                    "rendered": null,
                    "type": [Function],
                  },
                  "type": "div",
                },
              ],
              "type": Object {
                "$$typeof": Symbol(react.forward_ref),
                "attrs": Array [],
                "componentStyle": ComponentStyle {
                  "componentId": "sc-htpNat",
                  "isStatic": true,
                  "rules": Array [
                    "
    display: inline-block;
    margin-bottom: 15px;
    width: 50%;
    font-size: 16px;
    > label{
        width: 48%;
        color: #282c34;
        font-weight: bold;
        vertical-align: top;
    }
    > span{
        color: #999;
        text-overflow: ellipsis;
        width: 200px;
        overflow: hidden;
        white-space: nowrap;
        cursor: pointer;
    }
    > div{
        cursor: pointer;
        width: 40%;
        display: inline-block;
    }
",
                  ],
                },
                "displayName": "styled.div",
                "foldedComponentIds": Array [],
                "render": [Function],
                "styledComponentId": "sc-htpNat",
                "target": "div",
                "toString": [Function],
                "warnTooManyClasses": [Function],
                "withComponent": [Function],
              },
            },
            Object {
              "instance": null,
              "key": "3",
              "nodeType": "function",
              "props": Object {
                "children": Array [
                  <_default>
                    Vat Number
                  </_default>,
                  <div>
                    <_default
                      defaultValue="Test 09876"
                      id={3}
                      name="vatNumber"
                      type="text"
                    />
                  </div>,
                ],
              },
              "ref": null,
              "rendered": Array [
                Object {
                  "instance": null,
                  "key": undefined,
                  "nodeType": "function",
                  "props": Object {
                    "children": "Vat Number",
                  },
                  "ref": null,
                  "rendered": "Vat Number",
                  "type": [Function],
                },
                Object {
                  "instance": null,
                  "key": undefined,
                  "nodeType": "host",
                  "props": Object {
                    "children": <_default
                      defaultValue="Test 09876"
                      id={3}
                      name="vatNumber"
                      type="text"
                    />,
                  },
                  "ref": null,
                  "rendered": Object {
                    "instance": null,
                    "key": undefined,
                    "nodeType": "function",
                    "props": Object {
                      "defaultValue": "Test 09876",
                      "id": 3,
                      "name": "vatNumber",
                      "type": "text",
                    },
                    "ref": null,
                    "rendered": null,
                    "type": [Function],
                  },
                  "type": "div",
                },
              ],
              "type": Object {
                "$$typeof": Symbol(react.forward_ref),
                "attrs": Array [],
                "componentStyle": ComponentStyle {
                  "componentId": "sc-htpNat",
                  "isStatic": true,
                  "rules": Array [
                    "
    display: inline-block;
    margin-bottom: 15px;
    width: 50%;
    font-size: 16px;
    > label{
        width: 48%;
        color: #282c34;
        font-weight: bold;
        vertical-align: top;
    }
    > span{
        color: #999;
        text-overflow: ellipsis;
        width: 200px;
        overflow: hidden;
        white-space: nowrap;
        cursor: pointer;
    }
    > div{
        cursor: pointer;
        width: 40%;
        display: inline-block;
    }
",
                  ],
                },
                "displayName": "styled.div",
                "foldedComponentIds": Array [],
                "render": [Function],
                "styledComponentId": "sc-htpNat",
                "target": "div",
                "toString": [Function],
                "warnTooManyClasses": [Function],
                "withComponent": [Function],
              },
            },
          ],
          "type": "div",
        },
      ],
      "type": "form",
    },
    "type": Object {
      "$$typeof": Symbol(react.forward_ref),
      "attrs": Array [],
      "componentStyle": ComponentStyle {
        "componentId": "sc-bdVaJa",
        "isStatic": true,
        "rules": Array [
          "
    background-color: #f6f6f6;
    border:1px solid #ccc;
    margin-top:30px;
    padding: 30px 20px 20px 20px;
",
        ],
      },
      "displayName": "styled.div",
      "foldedComponentIds": Array [],
      "render": [Function],
      "styledComponentId": "sc-bdVaJa",
      "target": "div",
      "toString": [Function],
      "warnTooManyClasses": [Function],
      "withComponent": [Function],
    },
  },
  Symbol(enzyme.__nodes__): Array [
    Object {
      "instance": null,
      "key": undefined,
      "nodeType": "function",
      "props": Object {
        "children": <form
          onChange={[Function]}
        >
          <ForwardRef>
            <h2>
              Supplier Details
            </h2>
            <_default
              className="submit-btn"
              onClick={[MockFunction]}
              type="submit"
              variant="primary"
            >
               Submit
            </_default>
            <_default
              className="cansel-btn"
              type="submit"
              variant="primary"
            >
               Cancel
            </_default>
          </ForwardRef>
          <div>
            <ForwardRef>
              <_default>
                Supplier Name
              </_default>
              <div>
                <_default
                  defaultValue="Test Supplier Name"
                  id={0}
                  name="supplierName"
                  type="text"
                />
              </div>
            </ForwardRef>
            <ForwardRef>
              <_default>
                Companies House Name
              </_default>
              <div>
                <_default
                  defaultValue="Test Companies House Name"
                  id={1}
                  name="companiesHouseName"
                  type="text"
                />
              </div>
            </ForwardRef>
            <ForwardRef>
              <_default>
                Company Registration Number
              </_default>
              <div>
                <_default
                  defaultValue="Test 123456"
                  id={2}
                  name="companyRegistrationNumber"
                  type="text"
                />
              </div>
            </ForwardRef>
            <ForwardRef>
              <_default>
                Vat Number
              </_default>
              <div>
                <_default
                  defaultValue="Test 09876"
                  id={3}
                  name="vatNumber"
                  type="text"
                />
              </div>
            </ForwardRef>
          </div>
        </form>,
      },
      "ref": null,
      "rendered": Object {
        "instance": null,
        "key": undefined,
        "nodeType": "host",
        "props": Object {
          "children": Array [
            <ForwardRef>
              <h2>
                Supplier Details
              </h2>
              <_default
                className="submit-btn"
                onClick={[MockFunction]}
                type="submit"
                variant="primary"
              >
                 Submit
              </_default>
              <_default
                className="cansel-btn"
                type="submit"
                variant="primary"
              >
                 Cancel
              </_default>
            </ForwardRef>,
            <div>
              <ForwardRef>
                <_default>
                  Supplier Name
                </_default>
                <div>
                  <_default
                    defaultValue="Test Supplier Name"
                    id={0}
                    name="supplierName"
                    type="text"
                  />
                </div>
              </ForwardRef>
              <ForwardRef>
                <_default>
                  Companies House Name
                </_default>
                <div>
                  <_default
                    defaultValue="Test Companies House Name"
                    id={1}
                    name="companiesHouseName"
                    type="text"
                  />
                </div>
              </ForwardRef>
              <ForwardRef>
                <_default>
                  Company Registration Number
                </_default>
                <div>
                  <_default
                    defaultValue="Test 123456"
                    id={2}
                    name="companyRegistrationNumber"
                    type="text"
                  />
                </div>
              </ForwardRef>
              <ForwardRef>
                <_default>
                  Vat Number
                </_default>
                <div>
                  <_default
                    defaultValue="Test 09876"
                    id={3}
                    name="vatNumber"
                    type="text"
                  />
                </div>
              </ForwardRef>
            </div>,
          ],
          "onChange": [Function],
        },
        "ref": null,
        "rendered": Array [
          Object {
            "instance": null,
            "key": undefined,
            "nodeType": "function",
            "props": Object {
              "children": Array [
                <h2>
                  Supplier Details
                </h2>,
                <_default
                  className="submit-btn"
                  onClick={[MockFunction]}
                  type="submit"
                  variant="primary"
                >
                   Submit
                </_default>,
                <_default
                  className="cansel-btn"
                  type="submit"
                  variant="primary"
                >
                   Cancel
                </_default>,
              ],
            },
            "ref": null,
            "rendered": Array [
              Object {
                "instance": null,
                "key": undefined,
                "nodeType": "host",
                "props": Object {
                  "children": "Supplier Details",
                },
                "ref": null,
                "rendered": "Supplier Details",
                "type": "h2",
              },
              Object {
                "instance": null,
                "key": undefined,
                "nodeType": "function",
                "props": Object {
                  "children": " Submit",
                  "className": "submit-btn",
                  "onClick": [MockFunction],
                  "type": "submit",
                  "variant": "primary",
                },
                "ref": null,
                "rendered": " Submit",
                "type": [Function],
              },
              Object {
                "instance": null,
                "key": undefined,
                "nodeType": "function",
                "props": Object {
                  "children": " Cancel",
                  "className": "cansel-btn",
                  "onClick": undefined,
                  "type": "submit",
                  "variant": "primary",
                },
                "ref": null,
                "rendered": " Cancel",
                "type": [Function],
              },
            ],
            "type": Object {
              "$$typeof": Symbol(react.forward_ref),
              "attrs": Array [],
              "componentStyle": ComponentStyle {
                "componentId": "sc-bwzfXH",
                "isStatic": true,
                "rules": Array [
                  "
    margin-bottom: 20px;
    > h2{
        display:inline;
        font-size: 20px;
        margin-right: 10px;
    }
    button{
        margin-right: 10px;
    }
    > div{
        color: #007eb3;
        display: inline;
        margin-left: 10px;
        font-size: 16px;
        font-weight: 600;       
    }
",
                ],
              },
              "displayName": "styled.div",
              "foldedComponentIds": Array [],
              "render": [Function],
              "styledComponentId": "sc-bwzfXH",
              "target": "div",
              "toString": [Function],
              "warnTooManyClasses": [Function],
              "withComponent": [Function],
            },
          },
          Object {
            "instance": null,
            "key": undefined,
            "nodeType": "host",
            "props": Object {
              "children": Array [
                <ForwardRef>
                  <_default>
                    Supplier Name
                  </_default>
                  <div>
                    <_default
                      defaultValue="Test Supplier Name"
                      id={0}
                      name="supplierName"
                      type="text"
                    />
                  </div>
                </ForwardRef>,
                <ForwardRef>
                  <_default>
                    Companies House Name
                  </_default>
                  <div>
                    <_default
                      defaultValue="Test Companies House Name"
                      id={1}
                      name="companiesHouseName"
                      type="text"
                    />
                  </div>
                </ForwardRef>,
                <ForwardRef>
                  <_default>
                    Company Registration Number
                  </_default>
                  <div>
                    <_default
                      defaultValue="Test 123456"
                      id={2}
                      name="companyRegistrationNumber"
                      type="text"
                    />
                  </div>
                </ForwardRef>,
                <ForwardRef>
                  <_default>
                    Vat Number
                  </_default>
                  <div>
                    <_default
                      defaultValue="Test 09876"
                      id={3}
                      name="vatNumber"
                      type="text"
                    />
                  </div>
                </ForwardRef>,
              ],
            },
            "ref": null,
            "rendered": Array [
              Object {
                "instance": null,
                "key": "0",
                "nodeType": "function",
                "props": Object {
                  "children": Array [
                    <_default>
                      Supplier Name
                    </_default>,
                    <div>
                      <_default
                        defaultValue="Test Supplier Name"
                        id={0}
                        name="supplierName"
                        type="text"
                      />
                    </div>,
                  ],
                },
                "ref": null,
                "rendered": Array [
                  Object {
                    "instance": null,
                    "key": undefined,
                    "nodeType": "function",
                    "props": Object {
                      "children": "Supplier Name",
                    },
                    "ref": null,
                    "rendered": "Supplier Name",
                    "type": [Function],
                  },
                  Object {
                    "instance": null,
                    "key": undefined,
                    "nodeType": "host",
                    "props": Object {
                      "children": <_default
                        defaultValue="Test Supplier Name"
                        id={0}
                        name="supplierName"
                        type="text"
                      />,
                    },
                    "ref": null,
                    "rendered": Object {
                      "instance": null,
                      "key": undefined,
                      "nodeType": "function",
                      "props": Object {
                        "defaultValue": "Test Supplier Name",
                        "id": 0,
                        "name": "supplierName",
                        "type": "text",
                      },
                      "ref": null,
                      "rendered": null,
                      "type": [Function],
                    },
                    "type": "div",
                  },
                ],
                "type": Object {
                  "$$typeof": Symbol(react.forward_ref),
                  "attrs": Array [],
                  "componentStyle": ComponentStyle {
                    "componentId": "sc-htpNat",
                    "isStatic": true,
                    "rules": Array [
                      "
    display: inline-block;
    margin-bottom: 15px;
    width: 50%;
    font-size: 16px;
    > label{
        width: 48%;
        color: #282c34;
        font-weight: bold;
        vertical-align: top;
    }
    > span{
        color: #999;
        text-overflow: ellipsis;
        width: 200px;
        overflow: hidden;
        white-space: nowrap;
        cursor: pointer;
    }
    > div{
        cursor: pointer;
        width: 40%;
        display: inline-block;
    }
",
                    ],
                  },
                  "displayName": "styled.div",
                  "foldedComponentIds": Array [],
                  "render": [Function],
                  "styledComponentId": "sc-htpNat",
                  "target": "div",
                  "toString": [Function],
                  "warnTooManyClasses": [Function],
                  "withComponent": [Function],
                },
              },
              Object {
                "instance": null,
                "key": "1",
                "nodeType": "function",
                "props": Object {
                  "children": Array [
                    <_default>
                      Companies House Name
                    </_default>,
                    <div>
                      <_default
                        defaultValue="Test Companies House Name"
                        id={1}
                        name="companiesHouseName"
                        type="text"
                      />
                    </div>,
                  ],
                },
                "ref": null,
                "rendered": Array [
                  Object {
                    "instance": null,
                    "key": undefined,
                    "nodeType": "function",
                    "props": Object {
                      "children": "Companies House Name",
                    },
                    "ref": null,
                    "rendered": "Companies House Name",
                    "type": [Function],
                  },
                  Object {
                    "instance": null,
                    "key": undefined,
                    "nodeType": "host",
                    "props": Object {
                      "children": <_default
                        defaultValue="Test Companies House Name"
                        id={1}
                        name="companiesHouseName"
                        type="text"
                      />,
                    },
                    "ref": null,
                    "rendered": Object {
                      "instance": null,
                      "key": undefined,
                      "nodeType": "function",
                      "props": Object {
                        "defaultValue": "Test Companies House Name",
                        "id": 1,
                        "name": "companiesHouseName",
                        "type": "text",
                      },
                      "ref": null,
                      "rendered": null,
                      "type": [Function],
                    },
                    "type": "div",
                  },
                ],
                "type": Object {
                  "$$typeof": Symbol(react.forward_ref),
                  "attrs": Array [],
                  "componentStyle": ComponentStyle {
                    "componentId": "sc-htpNat",
                    "isStatic": true,
                    "rules": Array [
                      "
    display: inline-block;
    margin-bottom: 15px;
    width: 50%;
    font-size: 16px;
    > label{
        width: 48%;
        color: #282c34;
        font-weight: bold;
        vertical-align: top;
    }
    > span{
        color: #999;
        text-overflow: ellipsis;
        width: 200px;
        overflow: hidden;
        white-space: nowrap;
        cursor: pointer;
    }
    > div{
        cursor: pointer;
        width: 40%;
        display: inline-block;
    }
",
                    ],
                  },
                  "displayName": "styled.div",
                  "foldedComponentIds": Array [],
                  "render": [Function],
                  "styledComponentId": "sc-htpNat",
                  "target": "div",
                  "toString": [Function],
                  "warnTooManyClasses": [Function],
                  "withComponent": [Function],
                },
              },
              Object {
                "instance": null,
                "key": "2",
                "nodeType": "function",
                "props": Object {
                  "children": Array [
                    <_default>
                      Company Registration Number
                    </_default>,
                    <div>
                      <_default
                        defaultValue="Test 123456"
                        id={2}
                        name="companyRegistrationNumber"
                        type="text"
                      />
                    </div>,
                  ],
                },
                "ref": null,
                "rendered": Array [
                  Object {
                    "instance": null,
                    "key": undefined,
                    "nodeType": "function",
                    "props": Object {
                      "children": "Company Registration Number",
                    },
                    "ref": null,
                    "rendered": "Company Registration Number",
                    "type": [Function],
                  },
                  Object {
                    "instance": null,
                    "key": undefined,
                    "nodeType": "host",
                    "props": Object {
                      "children": <_default
                        defaultValue="Test 123456"
                        id={2}
                        name="companyRegistrationNumber"
                        type="text"
                      />,
                    },
                    "ref": null,
                    "rendered": Object {
                      "instance": null,
                      "key": undefined,
                      "nodeType": "function",
                      "props": Object {
                        "defaultValue": "Test 123456",
                        "id": 2,
                        "name": "companyRegistrationNumber",
                        "type": "text",
                      },
                      "ref": null,
                      "rendered": null,
                      "type": [Function],
                    },
                    "type": "div",
                  },
                ],
                "type": Object {
                  "$$typeof": Symbol(react.forward_ref),
                  "attrs": Array [],
                  "componentStyle": ComponentStyle {
                    "componentId": "sc-htpNat",
                    "isStatic": true,
                    "rules": Array [
                      "
    display: inline-block;
    margin-bottom: 15px;
    width: 50%;
    font-size: 16px;
    > label{
        width: 48%;
        color: #282c34;
        font-weight: bold;
        vertical-align: top;
    }
    > span{
        color: #999;
        text-overflow: ellipsis;
        width: 200px;
        overflow: hidden;
        white-space: nowrap;
        cursor: pointer;
    }
    > div{
        cursor: pointer;
        width: 40%;
        display: inline-block;
    }
",
                    ],
                  },
                  "displayName": "styled.div",
                  "foldedComponentIds": Array [],
                  "render": [Function],
                  "styledComponentId": "sc-htpNat",
                  "target": "div",
                  "toString": [Function],
                  "warnTooManyClasses": [Function],
                  "withComponent": [Function],
                },
              },
              Object {
                "instance": null,
                "key": "3",
                "nodeType": "function",
                "props": Object {
                  "children": Array [
                    <_default>
                      Vat Number
                    </_default>,
                    <div>
                      <_default
                        defaultValue="Test 09876"
                        id={3}
                        name="vatNumber"
                        type="text"
                      />
                    </div>,
                  ],
                },
                "ref": null,
                "rendered": Array [
                  Object {
                    "instance": null,
                    "key": undefined,
                    "nodeType": "function",
                    "props": Object {
                      "children": "Vat Number",
                    },
                    "ref": null,
                    "rendered": "Vat Number",
                    "type": [Function],
                  },
                  Object {
                    "instance": null,
                    "key": undefined,
                    "nodeType": "host",
                    "props": Object {
                      "children": <_default
                        defaultValue="Test 09876"
                        id={3}
                        name="vatNumber"
                        type="text"
                      />,
                    },
                    "ref": null,
                    "rendered": Object {
                      "instance": null,
                      "key": undefined,
                      "nodeType": "function",
                      "props": Object {
                        "defaultValue": "Test 09876",
                        "id": 3,
                        "name": "vatNumber",
                        "type": "text",
                      },
                      "ref": null,
                      "rendered": null,
                      "type": [Function],
                    },
                    "type": "div",
                  },
                ],
                "type": Object {
                  "$$typeof": Symbol(react.forward_ref),
                  "attrs": Array [],
                  "componentStyle": ComponentStyle {
                    "componentId": "sc-htpNat",
                    "isStatic": true,
                    "rules": Array [
                      "
    display: inline-block;
    margin-bottom: 15px;
    width: 50%;
    font-size: 16px;
    > label{
        width: 48%;
        color: #282c34;
        font-weight: bold;
        vertical-align: top;
    }
    > span{
        color: #999;
        text-overflow: ellipsis;
        width: 200px;
        overflow: hidden;
        white-space: nowrap;
        cursor: pointer;
    }
    > div{
        cursor: pointer;
        width: 40%;
        display: inline-block;
    }
",
                    ],
                  },
                  "displayName": "styled.div",
                  "foldedComponentIds": Array [],
                  "render": [Function],
                  "styledComponentId": "sc-htpNat",
                  "target": "div",
                  "toString": [Function],
                  "warnTooManyClasses": [Function],
                  "withComponent": [Function],
                },
              },
            ],
            "type": "div",
          },
        ],
        "type": "form",
      },
      "type": Object {
        "$$typeof": Symbol(react.forward_ref),
        "attrs": Array [],
        "componentStyle": ComponentStyle {
          "componentId": "sc-bdVaJa",
          "isStatic": true,
          "rules": Array [
            "
    background-color: #f6f6f6;
    border:1px solid #ccc;
    margin-top:30px;
    padding: 30px 20px 20px 20px;
",
          ],
        },
        "displayName": "styled.div",
        "foldedComponentIds": Array [],
        "render": [Function],
        "styledComponentId": "sc-bdVaJa",
        "target": "div",
        "toString": [Function],
        "warnTooManyClasses": [Function],
        "withComponent": [Function],
      },
    },
  ],
  Symbol(enzyme.__options__): Object {
    "adapter": ReactSixteenAdapter {
      "options": Object {
        "enableComponentDidUpdateOnSetState": true,
        "legacyContextMode": "parent",
        "lifecycles": Object {
          "componentDidUpdate": Object {
            "onSetState": true,
          },
          "getChildContext": Object {
            "calledByRenderer": false,
          },
          "getDerivedStateFromProps": true,
          "getSnapshotBeforeUpdate": true,
          "setState": Object {
            "skipsComponentDidUpdateOnNullish": true,
          },
        },
      },
    },
  },
}
`;
